Traceback (most recent call last):
  File "/home/runner/work/briefrooms-site/briefrooms-site/scripts/brace_spx_architecture_v3_run.py", line 155, in <module>
    main()
  File "/home/runner/work/briefrooms-site/briefrooms-site/scripts/brace_spx_architecture_v3_run.py", line 150, in main
    write_json(args.output, report)
  File "/home/runner/work/briefrooms-site/briefrooms-site/scripts/brace_spx_architecture_v3.py", line 181, in write_json
    path.write_text(json.dumps(value, ensure_ascii=False, indent=2) + "\n", encoding="utf-8")
                    ^^^^^^^^^^^^^^^^^^^^^^^^^^^^^^^^^^^^^^^^^^^^^^^
  File "/opt/hostedtoolcache/Python/3.11.15/x64/lib/python3.11/json/__init__.py", line 238, in dumps
    **kw).encode(obj)
          ^^^^^^^^^^^
  File "/opt/hostedtoolcache/Python/3.11.15/x64/lib/python3.11/json/encoder.py", line 202, in encode
    chunks = list(chunks)
             ^^^^^^^^^^^^
  File "/opt/hostedtoolcache/Python/3.11.15/x64/lib/python3.11/json/encoder.py", line 432, in _iterencode
    yield from _iterencode_dict(o, _current_indent_level)
  File "/opt/hostedtoolcache/Python/3.11.15/x64/lib/python3.11/json/encoder.py", line 406, in _iterencode_dict
    yield from chunks
  File "/opt/hostedtoolcache/Python/3.11.15/x64/lib/python3.11/json/encoder.py", line 406, in _iterencode_dict
    yield from chunks
  File "/opt/hostedtoolcache/Python/3.11.15/x64/lib/python3.11/json/encoder.py", line 439, in _iterencode
    o = _default(o)
        ^^^^^^^^^^^
  File "/opt/hostedtoolcache/Python/3.11.15/x64/lib/python3.11/json/encoder.py", line 180, in default
    raise TypeError(f'Object of type {o.__class__.__name__} '
TypeError: Object of type bool is not JSON serializable
